[    1215ms] [INFO] %cDownload the React DevTools for a better development experience: https://react.dev/link/react-devtools font-weight:bold @ http://localhost:3000/_next/static/chunks/01nd_next_dist_0ofld-2._.js:2477
[    1259ms] [LOG] [HMR] connected @ http://localhost:3000/_next/static/chunks/01nd_next_dist_0ofld-2._.js:2477
[    1387ms] [LOG] [Fast Refresh] rebuilding @ http://localhost:3000/_next/static/chunks/01nd_next_dist_0ofld-2._.js:2477
[    1588ms] [LOG] [Fast Refresh] done in 310ms @ http://localhost:3000/_next/static/chunks/01nd_next_dist_0ofld-2._.js:2477
[  159781ms] [LOG] [Fast Refresh] rebuilding @ http://localhost:3000/_next/static/chunks/01nd_next_dist_0ofld-2._.js:2477
[  160246ms] [LOG] [Fast Refresh] done in 398ms @ http://localhost:3000/_next/static/chunks/01nd_next_dist_0ofld-2._.js:2477
[  160383ms] [LOG] [Fast Refresh] rebuilding @ http://localhost:3000/_next/static/chunks/01nd_next_dist_0ofld-2._.js:2477
[  160920ms] [LOG] [Fast Refresh] done in 651ms @ http://localhost:3000/_next/static/chunks/01nd_next_dist_0ofld-2._.js:2477
[  174709ms] [LOG] [Fast Refresh] rebuilding @ http://localhost:3000/_next/static/chunks/01nd_next_dist_0ofld-2._.js:2477
[  175083ms] [LOG] [Fast Refresh] done in 290ms @ http://localhost:3000/_next/static/chunks/01nd_next_dist_0ofld-2._.js:2477
[  175217ms] [LOG] [Fast Refresh] rebuilding @ http://localhost:3000/_next/static/chunks/01nd_next_dist_0ofld-2._.js:2477
[  175664ms] [LOG] [Fast Refresh] done in 560ms @ http://localhost:3000/_next/static/chunks/01nd_next_dist_0ofld-2._.js:2477
[  193159ms] [LOG] [Fast Refresh] rebuilding @ http://localhost:3000/_next/static/chunks/01nd_next_dist_0ofld-2._.js:2477
[  193537ms] [LOG] [Fast Refresh] done in 298ms @ http://localhost:3000/_next/static/chunks/01nd_next_dist_0ofld-2._.js:2477
[  193666ms] [LOG] [Fast Refresh] rebuilding @ http://localhost:3000/_next/static/chunks/01nd_next_dist_0ofld-2._.js:2477
[  194202ms] [LOG] [Fast Refresh] done in 636ms @ http://localhost:3000/_next/static/chunks/01nd_next_dist_0ofld-2._.js:2477
[  203718ms] [LOG] [Fast Refresh] rebuilding @ http://localhost:3000/_next/static/chunks/01nd_next_dist_0ofld-2._.js:2477
[  204244ms] [LOG] [Fast Refresh] done in 338ms @ http://localhost:3000/_next/static/chunks/01nd_next_dist_0ofld-2._.js:2477
[  204367ms] [LOG] [Fast Refresh] rebuilding @ http://localhost:3000/_next/static/chunks/01nd_next_dist_0ofld-2._.js:2477
[  204795ms] [LOG] [Fast Refresh] done in 531ms @ http://localhost:3000/_next/static/chunks/01nd_next_dist_0ofld-2._.js:2477
[  221362ms] [LOG] [Fast Refresh] rebuilding @ http://localhost:3000/_next/static/chunks/01nd_next_dist_0ofld-2._.js:2477
[  221750ms] [LOG] [Fast Refresh] done in 246ms @ http://localhost:3000/_next/static/chunks/01nd_next_dist_0ofld-2._.js:2477
[  221856ms] [LOG] [Fast Refresh] rebuilding @ http://localhost:3000/_next/static/chunks/01nd_next_dist_0ofld-2._.js:2477
[  222383ms] [LOG] [Fast Refresh] done in 633ms @ http://localhost:3000/_next/static/chunks/01nd_next_dist_0ofld-2._.js:2477
[  260663ms] [LOG] [Fast Refresh] rebuilding @ http://localhost:3000/_next/static/chunks/01nd_next_dist_0ofld-2._.js:2477
[  261031ms] [LOG] [Fast Refresh] done in 474ms @ http://localhost:3000/_next/static/chunks/01nd_next_dist_0ofld-2._.js:2477
